[2026-08-23 09:28:09] === Chien de garde demarre ===
[2026-08-23 09:33:38] Serveur muet -> reparation automatique
[2026-08-23 09:33:42] Relance effectuee, attente du retour...
[2026-08-23 09:33:52] Serveur de nouveau en ligne
[2026-08-23 10:25:01] === Chien de garde demarre ===
[2026-08-23 10:25:09] Serveur muet -> reparation automatique
[2026-08-23 10:25:13] Relance effectuee, attente du retour...
[2026-08-23 10:25:23] Serveur de nouveau en ligne
[2026-08-23 17:10:16] === Chien de garde demarre ===
[2026-08-23 17:10:23] Serveur muet -> reparation automatique
[2026-08-23 17:10:27] Relance effectuee, attente du retour...
[2026-08-23 17:10:37] Serveur de nouveau en ligne
[2026-08-23 17:15:41] === Chien de garde demarre ===
[2026-08-23 17:15:48] Serveur muet -> reparation automatique
[2026-08-23 17:15:58] Relance effectuee, attente du retour...
[2026-08-23 17:16:08] Serveur de nouveau en ligne
[2026-08-23 18:08:54] === Chien de garde demarre ===
[2026-08-23 18:09:01] Serveur muet -> reparation automatique
[2026-08-23 18:09:07] Relance effectuee, attente du retour...
[2026-08-23 18:09:17] Serveur de nouveau en ligne
[2026-08-23 20:59:52] === Chien de garde demarre ===
[2026-08-23 20:59:59] Serveur muet -> reparation automatique
[2026-08-23 21:00:06] Relance effectuee, attente du retour...
[2026-08-23 21:00:16] Serveur de nouveau en ligne
[2026-08-24 02:16:07] Serveur muet -> reparation automatique
[2026-08-24 02:16:12] Relance effectuee, attente du retour...
[2026-08-24 02:16:22] Serveur de nouveau en ligne
[2026-08-24 02:23:55] Serveur muet -> reparation automatique
[2026-08-24 02:23:59] Relance effectuee, attente du retour...
[2026-08-24 02:24:09] Serveur de nouveau en ligne
[2026-08-24 03:17:39] Serveur muet -> reparation automatique
[2026-08-24 03:17:45] Relance effectuee, attente du retour...
[2026-08-24 03:17:55] Serveur de nouveau en ligne
[2026-08-24 03:21:17] Serveur muet -> reparation automatique
[2026-08-24 03:21:22] Relance effectuee, attente du retour...
[2026-08-24 03:21:32] Serveur de nouveau en ligne
[2026-08-24 03:31:05] Serveur muet -> reparation automatique
[2026-08-24 03:31:10] Relance effectuee, attente du retour...
[2026-08-24 03:31:20] Serveur de nouveau en ligne
[2026-08-24 04:11:58] Serveur muet -> reparation automatique
[2026-08-24 04:12:03] Relance effectuee, attente du retour...
[2026-08-24 04:12:13] Serveur de nouveau en ligne
[2026-08-24 04:33:48] Serveur muet -> reparation automatique
[2026-08-24 04:33:52] Relance effectuee, attente du retour...
[2026-08-24 04:34:02] Serveur de nouveau en ligne
[2026-08-24 16:27:10] === Chien de garde demarre ===
[2026-08-24 16:27:18] Serveur muet -> reparation automatique
[2026-08-24 16:27:27] Relance effectuee, attente du retour...
[2026-08-24 16:27:37] Serveur de nouveau en ligne
[2026-08-24 20:46:56] === Chien de garde demarre ===
[2026-08-24 20:47:03] Serveur muet -> reparation automatique
[2026-08-24 20:47:08] Relance effectuee, attente du retour...
[2026-08-24 20:47:18] Serveur de nouveau en ligne
[2026-08-25 03:26:59] === Chien de garde demarre ===
[2026-08-25 03:27:07] Serveur muet -> reparation automatique
[2026-08-25 03:27:14] Relance effectuee, attente du retour...
[2026-08-25 03:27:24] Serveur de nouveau en ligne
[2026-08-25 12:41:21] === Chien de garde demarre ===
[2026-08-25 12:41:29] Serveur muet -> reparation automatique
[2026-08-25 12:41:34] Relance effectuee, attente du retour...
[2026-08-25 12:41:44] Serveur de nouveau en ligne
[2026-08-25 21:23:21] === Chien de garde demarre ===
[2026-08-25 21:23:28] Serveur muet -> reparation automatique
[2026-08-25 21:23:33] Relance effectuee, attente du retour...
[2026-08-25 21:23:43] Serveur de nouveau en ligne
[2026-08-26 01:17:13] === Chien de garde demarre ===
[2026-08-26 01:17:20] Serveur muet -> reparation automatique
[2026-08-26 01:17:27] Relance effectuee, attente du retour...
[2026-08-26 01:17:37] Serveur de nouveau en ligne
[2026-08-26 11:32:10] === Chien de garde demarre ===
[2026-08-26 11:32:17] Serveur muet -> reparation automatique
[2026-08-26 11:32:24] Relance effectuee, attente du retour...
[2026-08-26 11:32:34] Serveur de nouveau en ligne
[2026-08-26 12:45:32] Serveur muet -> reparation automatique
[2026-08-26 12:45:38] Relance effectuee, attente du retour...
[2026-08-26 12:45:48] Serveur de nouveau en ligne
[2026-08-26 12:52:40] Serveur muet -> reparation automatique
[2026-08-26 12:52:44] Relance effectuee, attente du retour...
[2026-08-26 12:52:54] Serveur de nouveau en ligne
[2026-08-26 12:56:06] Serveur muet -> reparation automatique
[2026-08-26 12:56:11] Relance effectuee, attente du retour...
[2026-08-26 12:56:21] Serveur de nouveau en ligne
[2026-08-26 13:01:53] Serveur muet -> reparation automatique
[2026-08-26 13:01:58] Relance effectuee, attente du retour...
[2026-08-26 13:02:08] Serveur de nouveau en ligne
[2026-08-26 13:22:32] === Chien de garde demarre ===
[2026-08-26 13:22:39] Serveur muet -> reparation automatique
[2026-08-26 13:22:46] Relance effectuee, attente du retour...
[2026-08-26 13:22:56] Serveur de nouveau en ligne
[2026-08-26 14:10:23] Serveur muet -> reparation automatique
[2026-08-26 14:10:31] Relance effectuee, attente du retour...
[2026-08-26 14:10:41] Serveur de nouveau en ligne
[2026-08-26 16:59:55] === Chien de garde demarre ===
[2026-08-26 17:00:03] Serveur muet -> reparation automatique
[2026-08-26 17:00:09] Relance effectuee, attente du retour...
[2026-08-26 17:00:19] Serveur de nouveau en ligne
[2026-09-23 20:38:03] === Chien de garde demarre (PY=C:\Python314\python.exe PORT=8000) ===
[2026-09-23 20:38:12] Serveur muet (tentative 1/2) - re-test dans 10s
[2026-09-23 20:41:47] Serveur muet (tentative 1/2) - re-test dans 10s
[2026-09-23 20:42:01] Serveur muet -> reparation automatique
[2026-09-23 20:42:05] Demarrage avec C:\Python314\python.exe sur port 8000
[2026-09-23 20:42:05] Relance effectuee, attente du retour...
[2026-09-23 20:42:16] Serveur de nouveau en ligne
